// Vitest Snapshot v1, https://vitest.dev/guide/snapshot.html

exports[`when admin registering a current user 1`] = `[RegistryAdminError: User already registered.]`;

exports[`when admin registering a current user 2`] = `
{
  "pk": "user1",
  "sk": "@",
}
`;

exports[`when admin registering a new user 1`] = `
{
  "description": "Success",
}
`;

exports[`when admin registering a new user 2`] = `
{
  "pk": "user1",
  "sk": "@",
}
`;

exports[`when admin registering a new user 3`] = `
{
  "_c": "1970-01-01T00:00:00.000Z",
  "_tag": "User",
  "_u": "1970-01-01T00:00:00.000Z",
  "_v": 0,
  "_v7": "00000000-0000-7000-8000-000000000000",
  "pk": "user2",
  "pk1": "user2",
  "servers": [],
  "sk": "@",
  "sk1": "@",
  "timezone": "America/Chicago",
}
`;

exports[`when re-registering a user 1`] = `
{
  "description": "Success",
}
`;

exports[`when re-registering a user 2`] = `
{
  "pk": "user",
  "sk": "@",
}
`;

exports[`when registering a new user 1`] = `
{
  "description": "Success",
}
`;

exports[`when registering a new user 2`] = `
{
  "pk": "user",
  "sk": "@",
}
`;

exports[`when registering a new user 3`] = `
{
  "_c": "1970-01-01T00:00:00.000Z",
  "_tag": "User",
  "_u": "1970-01-01T00:00:00.000Z",
  "_v": 0,
  "_v7": "00000000-0000-7000-8000-000000000000",
  "pk": "user",
  "pk1": "user",
  "servers": [],
  "sk": "@",
  "sk1": "@",
  "timezone": "America/Chicago",
}
`;
